---
source: stellar-core/src/lang/scan.rs
expression: "scan(\"\", & mut rodeo)"
snapshot_kind: text
---
Ok(
    TokenStream(
        [
            EndOfFile {
                location: Location {
                    line: 1,
                    column: 0,
                    index: 0,
                },
            },
        ],
    ),
)
